<html>
<body>
<pre>
<h1>µVision Build Log</h1>
<h2>Project:</h2>
C:\Users\zhuhuajing\Desktop\²â¿Øver1.2.2\DO_test\DO_test\rvmdk\Do_test.uvproj
Project File Date:  04/16/2013

<h2>Output:</h2>
Build target 'Do_test_flashmode'
compiling core_cm3.c...
assembling startup_stm32f10x_cl.s...
compiling stm32f10x_wwdg.c...
compiling misc.c...
compiling stm32f10x_bkp.c...
compiling stm32f10x_dbgmcu.c...
compiling stm32f10x_flash.c...
compiling stm32f10x_gpio.c...
compiling stm32f10x_iwdg.c...
compiling stm32f10x_pwr.c...
compiling stm32f10x_rcc.c...
compiling stm32f10x_rtc.c...
compiling stm32f10x_i2c.c...
compiling stm32f10x_dma.c...
compiling main.c...
compiling stm32f10x_it.c...
compiling system_stm32f10x.c...
compiling bsp.c...
compiling BaseBus_Protocol.c...
compiling I2CRoutines.c...
..\BSP\I2CRoutines.c(210): warning:  #223-D: function "I2C_Configuration" declared implicitly
..\BSP\I2CRoutines.c:     I2C_Configuration();
..\BSP\I2CRoutines.c:     ^
..\BSP\I2CRoutines.c(211): warning:  #69-D: integer conversion resulted in truncation
..\BSP\I2CRoutines.c:     Timeout=0x1ff;
..\BSP\I2CRoutines.c:             ^
..\BSP\I2CRoutines.c(187): warning:  #177-D: variable "i" was declared but never referenced
..\BSP\I2CRoutines.c:     uint8_t i;
..\BSP\I2CRoutines.c:             ^
..\BSP\I2CRoutines.c: ..\BSP\I2CRoutines.c: 3 warnings, 0 errors
linking...
Program Size: Code=13868 RO-data=368 RW-data=88 ZI-data=1152  
FromELF: creating hex file...
".\out\do_test.axf" - 0 Error(s), 3 Warning(s).
